2026-08-08T11:37:01.028+0900 [INFO]  Terraform version: 1.15.8
2026-08-08T11:37:01.028+0900 [DEBUG] using github.com/hashicorp/go-tfe v1.105.0
2026-08-08T11:37:01.028+0900 [DEBUG] using github.com/hashicorp/hcl/v2 v2.24.0
2026-08-08T11:37:01.028+0900 [DEBUG] using github.com/hashicorp/terraform-svchost v0.2.1
2026-08-08T11:37:01.028+0900 [DEBUG] using github.com/zclconf/go-cty v1.18.0
2026-08-08T11:37:01.028+0900 [INFO]  Go runtime version: go1.25.10
2026-08-08T11:37:01.028+0900 [INFO]  CLI args: []string{"terraform", "init"}
2026-08-08T11:37:01.028+0900 [DEBUG] Attempting to open CLI config file: /Users/nin/.terraformrc
2026-08-08T11:37:01.028+0900 [DEBUG] File doesn't exist, but doesn't need to. Ignoring.
2026-08-08T11:37:01.029+0900 [DEBUG] ignoring non-existing provider search directory terraform.d/plugins
2026-08-08T11:37:01.029+0900 [DEBUG] ignoring non-existing provider search directory /Users/nin/.terraform.d/plugins
2026-08-08T11:37:01.029+0900 [DEBUG] ignoring non-existing provider search directory /Users/nin/Library/Application Support/io.terraform/plugins
2026-08-08T11:37:01.029+0900 [DEBUG] ignoring non-existing provider search directory /Library/Application Support/io.terraform/plugins
2026-08-08T11:37:01.030+0900 [INFO]  CLI command args: []string{"init"}
2026-08-08T11:37:01.035+0900 [DEBUG] checking for provisioner in "."
2026-08-08T11:37:01.035+0900 [DEBUG] checking for provisioner in "/opt/homebrew/bin"
2026-08-08T11:37:01.037+0900 [DEBUG] Starting graph walk: walkInit
2026-08-08T11:37:01.040+0900 [DEBUG] Service discovery for registry.terraform.io at https://registry.terraform.io/.well-known/terraform.json
2026-08-08T11:37:01.175+0900 [DEBUG] GET https://registry.terraform.io/v1/providers/hashicorp/aws/versions
2026-08-08T11:37:01.233+0900 [DEBUG] GET https://registry.terraform.io/v1/providers/hashicorp/aws/6.58.0/download/darwin/arm64
2026-08-08T11:37:01.278+0900 [DEBUG] GET https://releases.hashicorp.com/terraform-provider-aws/6.58.0/terraform-provider-aws_6.58.0_SHA256SUMS
2026-08-08T11:37:01.355+0900 [DEBUG] GET https://releases.hashicorp.com/terraform-provider-aws/6.58.0/terraform-provider-aws_6.58.0_SHA256SUMS.72D7468F.sig
2026-08-08T11:37:18.132+0900 [WARN]  expired openpgp key from HashiCorp Security (hashicorp.com/security) <security@hashicorp.com>
2026-08-08T11:37:18.132+0900 [DEBUG] Provider signed by 34365D9472D7468F HashiCorp Security (hashicorp.com/security) <security@hashicorp.com>
2026-08-08T11:37:18.135+0900 [WARN]  expired openpgp key from HashiCorp Security (hashicorp.com/security) <security@hashicorp.com>
2026-08-08T11:38:32.815+0900 [INFO]  Terraform version: 1.15.8
2026-08-08T11:38:32.815+0900 [DEBUG] using github.com/hashicorp/go-tfe v1.105.0
2026-08-08T11:38:32.815+0900 [DEBUG] using github.com/hashicorp/hcl/v2 v2.24.0
2026-08-08T11:38:32.815+0900 [DEBUG] using github.com/hashicorp/terraform-svchost v0.2.1
2026-08-08T11:38:32.815+0900 [DEBUG] using github.com/zclconf/go-cty v1.18.0
2026-08-08T11:38:32.815+0900 [INFO]  Go runtime version: go1.25.10
2026-08-08T11:38:32.815+0900 [INFO]  CLI args: []string{"terraform", "init"}
2026-08-08T11:38:32.816+0900 [DEBUG] Attempting to open CLI config file: /Users/nin/.terraformrc
2026-08-08T11:38:32.816+0900 [DEBUG] File doesn't exist, but doesn't need to. Ignoring.
2026-08-08T11:38:32.816+0900 [DEBUG] ignoring non-existing provider search directory terraform.d/plugins
2026-08-08T11:38:32.816+0900 [DEBUG] ignoring non-existing provider search directory /Users/nin/.terraform.d/plugins
2026-08-08T11:38:32.816+0900 [DEBUG] ignoring non-existing provider search directory /Users/nin/Library/Application Support/io.terraform/plugins
2026-08-08T11:38:32.816+0900 [DEBUG] ignoring non-existing provider search directory /Library/Application Support/io.terraform/plugins
2026-08-08T11:38:32.816+0900 [INFO]  CLI command args: []string{"init"}
2026-08-08T11:38:33.429+0900 [DEBUG] checking for provisioner in "."
2026-08-08T11:38:33.430+0900 [DEBUG] checking for provisioner in "/opt/homebrew/bin"
2026-08-08T11:38:33.433+0900 [DEBUG] Starting graph walk: walkInit
2026-08-08T11:38:33.438+0900 [DEBUG] Service discovery for registry.terraform.io at https://registry.terraform.io/.well-known/terraform.json
2026-08-08T11:38:33.550+0900 [DEBUG] GET https://registry.terraform.io/v1/providers/hashicorp/azurerm/versions
2026-08-08T11:38:33.765+0900 [DEBUG] GET https://registry.terraform.io/v1/providers/hashicorp/kubernetes/versions
2026-08-08T11:38:33.972+0900 [DEBUG] GET https://registry.terraform.io/v1/providers/kreuzwerker/docker/versions
2026-08-08T11:38:34.176+0900 [DEBUG] GET https://registry.terraform.io/v1/providers/hashicorp/aws/versions
2026-08-08T11:38:34.234+0900 [DEBUG] GET https://registry.terraform.io/v1/providers/hashicorp/azurerm/5.0.1/download/darwin/arm64
2026-08-08T11:38:34.285+0900 [DEBUG] GET https://releases.hashicorp.com/terraform-provider-azurerm/5.0.1/terraform-provider-azurerm_5.0.1_SHA256SUMS
2026-08-08T11:38:34.369+0900 [DEBUG] GET https://releases.hashicorp.com/terraform-provider-azurerm/5.0.1/terraform-provider-azurerm_5.0.1_SHA256SUMS.72D7468F.sig
2026-08-08T11:38:39.639+0900 [WARN]  expired openpgp key from HashiCorp Security (hashicorp.com/security) <security@hashicorp.com>
2026-08-08T11:38:39.639+0900 [DEBUG] Provider signed by 34365D9472D7468F HashiCorp Security (hashicorp.com/security) <security@hashicorp.com>
2026-08-08T11:38:39.640+0900 [WARN]  expired openpgp key from HashiCorp Security (hashicorp.com/security) <security@hashicorp.com>
2026-08-08T11:38:40.578+0900 [DEBUG] GET https://registry.terraform.io/v1/providers/hashicorp/kubernetes/3.2.1/download/darwin/arm64
2026-08-08T11:38:40.627+0900 [DEBUG] GET https://releases.hashicorp.com/terraform-provider-kubernetes/3.2.1/terraform-provider-kubernetes_3.2.1_SHA256SUMS
2026-08-08T11:38:40.682+0900 [DEBUG] GET https://releases.hashicorp.com/terraform-provider-kubernetes/3.2.1/terraform-provider-kubernetes_3.2.1_SHA256SUMS.72D7468F.sig
2026-08-08T11:38:42.427+0900 [WARN]  expired openpgp key from HashiCorp Security (hashicorp.com/security) <security@hashicorp.com>
2026-08-08T11:38:42.427+0900 [DEBUG] Provider signed by 34365D9472D7468F HashiCorp Security (hashicorp.com/security) <security@hashicorp.com>
2026-08-08T11:38:42.429+0900 [WARN]  expired openpgp key from HashiCorp Security (hashicorp.com/security) <security@hashicorp.com>
2026-08-08T11:38:42.721+0900 [DEBUG] GET https://registry.terraform.io/v1/providers/kreuzwerker/docker/4.5.0/download/darwin/arm64
2026-08-08T11:38:42.769+0900 [DEBUG] GET https://github.com/kreuzwerker/terraform-provider-docker/releases/download/v4.5.0/terraform-provider-docker_4.5.0_SHA256SUMS
2026-08-08T11:38:43.185+0900 [DEBUG] GET https://github.com/kreuzwerker/terraform-provider-docker/releases/download/v4.5.0/terraform-provider-docker_4.5.0_SHA256SUMS.sig
2026-08-08T11:38:45.692+0900 [DEBUG] Provider signed by 0DCE698927DAF8EC Martin Wentzel <info@martinwentzel.com>
2026-08-08T11:41:15.085+0900 [INFO]  Terraform version: 1.15.8
2026-08-08T11:41:15.086+0900 [DEBUG] using github.com/hashicorp/go-tfe v1.105.0
2026-08-08T11:41:15.086+0900 [DEBUG] using github.com/hashicorp/hcl/v2 v2.24.0
2026-08-08T11:41:15.086+0900 [DEBUG] using github.com/hashicorp/terraform-svchost v0.2.1
2026-08-08T11:41:15.086+0900 [DEBUG] using github.com/zclconf/go-cty v1.18.0
2026-08-08T11:41:15.086+0900 [INFO]  Go runtime version: go1.25.10
2026-08-08T11:41:15.086+0900 [INFO]  CLI args: []string{"terraform", "init"}
2026-08-08T11:41:15.086+0900 [DEBUG] Attempting to open CLI config file: /Users/nin/.terraformrc
2026-08-08T11:41:15.086+0900 [DEBUG] File doesn't exist, but doesn't need to. Ignoring.
2026-08-08T11:41:15.086+0900 [DEBUG] ignoring non-existing provider search directory terraform.d/plugins
2026-08-08T11:41:15.086+0900 [DEBUG] ignoring non-existing provider search directory /Users/nin/.terraform.d/plugins
2026-08-08T11:41:15.087+0900 [DEBUG] ignoring non-existing provider search directory /Users/nin/Library/Application Support/io.terraform/plugins
2026-08-08T11:41:15.087+0900 [DEBUG] ignoring non-existing provider search directory /Library/Application Support/io.terraform/plugins
2026-08-08T11:41:15.087+0900 [INFO]  CLI command args: []string{"init"}
2026-08-08T11:41:15.895+0900 [DEBUG] checking for provisioner in "."
2026-08-08T11:41:15.896+0900 [DEBUG] checking for provisioner in "/opt/homebrew/bin"
2026-08-08T11:41:15.898+0900 [DEBUG] Starting graph walk: walkInit
2026-08-08T11:41:15.901+0900 [DEBUG] Service discovery for registry.terraform.io at https://registry.terraform.io/.well-known/terraform.json
2026-08-08T11:41:15.997+0900 [DEBUG] GET https://registry.terraform.io/v1/providers/hashicorp/aws/versions
